1772140978.188426525s 1 01cf48b9-e635-40fb-adec-b7f3762890ac
1698330459.844805883s 1 05dd1fa7-5d48-4eb4-a0de-ed79e95d6409
1784247471.977366161s 1 07bdbde5-4a85-481c-aa85-d52c3f6f986f
1707443970.760543927s 1 101da819-0dc0-404c-8ee7-0b4919608f9c
1501608203.29345s 1 16e5e991-f665-40b5-b639-35dc7e859f97
1716166710.336185826s 1 1ba7e909-3038-4cd3-9771-df20b55cfee8
1772149275.506868291s 1 1c00db20-0d56-4f5d-b979-8405207e32fd
1535158633.683944s 1 1eb73610-836b-4182-ad7c-d3ad2de426d7
1716173319.166859935s 1 235a01cc-0141-4eea-a86d-0d95bacbfd60
1558586988.286048s 1 27e8c265-2b81-4562-b337-04330e08e8be
1480439279.157059s 1 2d6647a1-868d-4754-8c81-24bc1895a66f
1604602854.409838s 1 3191f86e-c828-47df-b57c-ab6559a91eb4
1555364954.414166s 1 328ccba6-d750-4c28-86cc-42b22f8aa295
1532718014.261606s 1 355baba8-ad81-493a-8fe8-60d89339444a
1698356115.603985923s 1 3d81d7aa-1935-4348-a20e-f2e43470888c
1471025854.248951s 1 40f726d4-3c32-496f-99fc-80b36f2ca391
1532650735.922283s 1 459ad412-71d1-471a-80f8-4031d4a865c6
1784152836.32232487s 1 4714b0ce-6f10-475a-92a6-4d0c2ccc857e
1525281840.288239s 1 5262143a-0898-4d19-b64b-b76372289ad2
1530637991.310042s 1 52f53025-767b-45d0-9af0-883919e8f163
1532722192.105533s 1 5364a43d-766d-4502-82cd-4ea68731ebbd
1488322736.6541s 1 54f67f98-f3e4-4367-b65f-4fbb622ec17d
1592517760.741017s 1 56599b9e-2822-4c0a-9e08-2dcfcf037950
1772148872.885550639s 1 58692f55-cbaf-4004-bb40-8de256124dea
1716159556.285075636s 1 59a5eca3-5f31-415e-aad3-f562913d30e3
1530643862.690206s 1 5a545660-6ee7-4f00-8bd1-17733e1ce26f
1604617799.100088s 1 5f3f953b-519b-4be3-9de3-5c1fca33be6d
1532727434.516476s 1 695ddccd-f60c-4ee5-b88e-0db2b2ae3fa5
1472243156.91906s 1 6b3d448b-ec85-46c7-a62e-ef4be6cad382
1585540918.63981s 1 734e4b42-933d-4423-8a94-0eeb56bdd849
1531176441.580947s 1 75e0cb41-cf09-4057-82e2-1894298e4186
1784161663.877151287s 1 777707ae-66e4-4c9f-b70d-81255142ee12
1784166495.163094645s 1 820316a3-1b83-49db-a396-1270aac07d1f
1734412221.414038063s 1 823227f5-8e2a-4d09-998a-2ed4947d4eea
1707446881.396928179s 1 8527a576-a5c0-4ddd-a99c-1d44ff250710
1607297098.188389s 1 8ed62887-cbff-4de3-a898-cc77c4132e48
1604570086.98569s 1 901994e1-572c-4fd2-a07d-bfd46ba0f719
1559259904.728992s 1 910363c5-96e6-484e-9e92-7ffee014cd1d
1471029034.127183s 1 9240fb38-adbe-4bfe-847a-bdd98d570f75
1491341616.484787s 1 9a8bd918-e920-4c39-bf99-b70b68e85907
1542351330.167681s 1 9e5053a6-4d10-4bb8-9aa0-2a356b0b85de
1532726217.286903s 1 a0ee0288-fd61-4445-8682-ce5407ce86ae
1703041533.292055841s 1 aa35ef23-be76-4f6b-8303-0bcfca0cf5e8
1549482678.72935s 1 afd97d89-9402-443c-b80b-68d711c95c32
1604614594.360874s 1 b5db749d-ad3b-43b2-a7ed-78748176bcd8
1784170047.650980219s 1 bb8e7361-17fc-44ac-a700-2584fd9b1ca3
1490023204.705692s 1 bbb10393-3f65-45a0-bfa3-5d61af9a8034
1498581338.637901s 0 bf5b776b-ca4b-404b-bb7f-e06f46f1b509
1652864820.538768s 1 c62920e4-1963-4f03-9293-fabb5951b8e5
1635873677.635565352s 1 c69fa1d4-9761-4bb7-a9ed-81c2da9ac538
1651103160.712361s 1 c8cdabf7-c040-4cc6-9651-e72b68ab0e64
1494362141.789813s 1 c9b0b2a7-07ce-4dc3-85ab-b9647a7872de
1652864653.526382277s 1 c9f194ce-a277-44d5-801c-4d2d5fe2d0ed
1699903412.693626817s 1 cb6a8265-920f-4519-8138-2924631a51d2
1784171679.926782029s 1 cf9e9a82-953c-4ab0-91ac-ada9bfbd8f98
1604703866.360429s 1 d1295a6e-e89b-45b1-a3f8-ba3cb052e33d
1604019042.920965s 1 d87eceb7-900b-41d2-8a6a-6d567bb205af
1707441673.970672455s 1 d9d2e923-150f-4613-bc79-70a22a1f843b
1742839876.457213021s 1 dc4702f8-c097-4e8f-8c3d-42497c53302e
1606005362.759474s 1 e538409e-039d-4a83-8052-0e32d611f3fd
1530126139.563892s 1 e7792fd9-5c89-4ab4-ba7c-58978e02ef51
1715631986.260395802s 1 ede9c1b6-eb6a-46e8-af48-e99873f86bf1
1772156256.60654339s 1 f2cf257a-4ba7-4c10-9abe-9805a9388c67
1532653808.109773s 1 f9a08a43-b223-4558-b0a0-3c60bb04d9d0
