number of vertices                      = 133401
total surface area                      = 87884 mm^2
total gray matter volume                = 244133 mm^3
average cortical thickness              = 2.463 mm +- 0.915 mm
average integrated rectified mean curvature     = 0.115
average integrated rectified Gaussian curvature = 0.025
folding index                           = 1381
intrinsic curvature index               = 129.1
