number of vertices                      = 136568
total surface area                      = 95979 mm^2
total gray matter volume                = 255993 mm^3
average cortical thickness              = 2.255 mm +- 0.875 mm
average integrated rectified mean curvature     = 0.131
average integrated rectified Gaussian curvature = 0.032
folding index                           = 1948
intrinsic curvature index               = 181.2
