number of vertices                      = 139932
total surface area                      = 95417 mm^2
total gray matter volume                = 252704 mm^3
average cortical thickness              = 2.211 mm +- 0.872 mm
average integrated rectified mean curvature     = 0.153
average integrated rectified Gaussian curvature = 0.096
folding index                           = 5805
intrinsic curvature index               = 528.2
