1772140993.394353151s 1 01cf48b9-e635-40fb-adec-b7f3762890ac
1784247481.676651785s 1 07bdbde5-4a85-481c-aa85-d52c3f6f986f
1446761583.94512s 1 14311777-6106-4ba8-8356-2bfb0d198b64
1772149292.13818626s 1 1c00db20-0d56-4f5d-b979-8405207e32fd
1480439282.290904s 1 2d6647a1-868d-4754-8c81-24bc1895a66f
1471025343.049097s 1 40f726d4-3c32-496f-99fc-80b36f2ca391
1784152847.193913698s 1 4714b0ce-6f10-475a-92a6-4d0c2ccc857e
1586894433.590767s 1 54f67f98-f3e4-4367-b65f-4fbb622ec17d
1772148887.294877939s 1 58692f55-cbaf-4004-bb40-8de256124dea
1472243174.652548s 1 6b3d448b-ec85-46c7-a62e-ef4be6cad382
1470195388.41683s 1 739a31b2-febf-43ee-be59-713bdaa01a06
1784161675.914346687s 1 777707ae-66e4-4c9f-b70d-81255142ee12
1784166508.235384207s 1 820316a3-1b83-49db-a396-1270aac07d1f
1734412236.712833971s 1 823227f5-8e2a-4d09-998a-2ed4947d4eea
1468954218.956712s 1 86abb331-a242-4607-8b52-15ae9d9c923a
1446762382.060043s 1 9240fb38-adbe-4bfe-847a-bdd98d570f75
1784262868.569716207s 1 b0bad401-5700-46d4-ae90-2d0710ae54f2
1784170052.854238487s 1 bb8e7361-17fc-44ac-a700-2584fd9b1ca3
1784171685.582113068s 1 cf9e9a82-953c-4ab0-91ac-ada9bfbd8f98
1742839901.076987733s 1 dc4702f8-c097-4e8f-8c3d-42497c53302e
1772156266.948797161s 1 f2cf257a-4ba7-4c10-9abe-9805a9388c67
